// Jest Snapshot v1, https://goo.gl/fbAQLP

exports[`FilterSidePanel.vue matches snapshot 1`] = `
<div
  class="tui-card tui-filterSidePanel"
>
  <div
    class="tui-filterSidePanel__heading"
  >
    <h2
      class="tui-filterSidePanel__header"
    >
      
      title text
      
      <span
        aria-hidden="true"
      >
        ( 2 )
      </span>
    </h2>
     
    <div
      class="tui-filterSidePanel__status"
      role="status"
    >
      
      tempstring
    
    </div>
     
    <div
      class="tui-filterSidePanel__instructions"
    >
      
      tempstring
    
    </div>
     
    <button
      aria-label="tempstring"
      class="tui-formBtn tui-filterSidePanel__clearBtn tui-formBtn--small tui-formBtn--transparent"
      type="button"
    >
      
  tempstring
  
      <!---->
       
      <!---->
    </button>
  </div>
   
</div>
`;
