// Jest Snapshot v1, https://goo.gl/fbAQLP

exports[`Dropdown render correctly 1`] = `
<div class="tui-dropdown">
  <!---->
  <!---->
</div>
`;
