// Jest Snapshot v1, https://goo.gl/fbAQLP

exports[`engage_survey/components/form/SurveyForm.vue Checks snapshot 1`] = `
<uniform-stub initialvalues="[object Object]" validationmode="auto" vertical="true" inputwidth="full" autocomplete="off" class="tui-engageSurveyForm">
  <div class="tui-engageSurveyForm__title">
    <fieldcontextprovider-stub>
      <formtext-stub placeholder="formtitle, engage_survey" maxlength="75" arialabel="formtitle, engage_survey" name="question" validations="function(v) {
                    return [v.required()]
                  }"></formtext-stub>
    </fieldcontextprovider-stub>
  </div>
  <formrow-stub label="formtypetitle, engage_survey" isstacked="true">
    <formradiogroup-stub horizontal="true" name="optionType" validations="function(v) {
                  return [v.required()]
                }">
      <radio-stub id="id" name="optionType" value="2" class="tui-engageSurveyForm__optionType tui-engageSurveyForm__optionType--single">
        optionsingle, engage_survey
      </radio-stub>
      <radio-stub id="id" name="optionType" value="1" class="tui-engageSurveyForm__optionType tui-engageSurveyForm__optionType--multiple">
        optionmultiple, engage_survey
      </radio-stub>
    </formradiogroup-stub>
  </formrow-stub>
  <formrow-stub label="optionstitle, engage_survey" isstacked="true" class="tui-engageSurveyForm__answerTitle"></formrow-stub>
  <buttongroup-stub class="tui-engageSurveyForm__buttons tui-engageSurveyForm__buttons--right">
    <loadingbutton-stub text="next, core" type="submit" arialabel="" primary="true" disabled="true" class="tui-engageSurveyForm__button"></loadingbutton-stub>
    <cancelbutton-stub class="tui-engageSurveyForm__cancelButton"></cancelbutton-stub>
  </buttongroup-stub>
  <!---->
</uniform-stub>
`;
