// Jest Snapshot v1, https://goo.gl/fbAQLP

exports[`presentation/form/InputText.vue Checks snapshot 1`] = `
<input-stub
  styleclass="[object Object]"
  type="text"
/>
`;
