// Jest Snapshot v1, https://goo.gl/fbAQLP

exports[`EditorTextarea matches snapshot 1`] = `
<div
  class="tui-editorTextarea"
>
  <textarea-stub
    charlength="full"
    class="tui-editorTextarea__textarea"
    rows="8"
    value="text value"
  />
</div>
`;
