// Jest Snapshot v1, https://goo.gl/fbAQLP

exports[`totara_engage/components/form/access/EngageTopicsSelector.vue Checks snapshot 1`] = `
<div
  class="tui-engageTopicsSelector"
>
  <label-stub
    class="tui-engageTopicsSelector__label"
    forid="id-topic"
    label="assigntopics, totara_engage"
  />
   
  <topicsselector-stub
    id="id-topic"
    inputplaceholder="enter_topics, totara_engage"
    selectedtopics=""
  />
</div>
`;
