// Jest Snapshot v1, https://goo.gl/fbAQLP

exports[`engage_survey/components/card/SurveyCardImage.vue Checks snapshot 1`] = `
<div
  class="tui-engageSurveyImage"
>
  <surveyicon-stub
    class="tui-engageSurveyImage__img"
    imagealt="[image_alt, engage_survey - Hello world ]"
  />
</div>
`;
