// Jest Snapshot v1, https://goo.gl/fbAQLP

exports[`totara_comment/components/action/CommentActionLink.vue Checks snapshot 1`] = `
<div
  class="tui-commentActionLink"
  text="Some random txt"
>
  <!---->
</div>
`;
