// Jest Snapshot v1, https://goo.gl/fbAQLP

exports[`presentation/datatable/Row.vue Checks snapshot 1`] = `
<div
  class="tui-dataTableRow"
  role="row"
/>
`;
