// Jest Snapshot v1, https://goo.gl/fbAQLP

exports[`presentation/datatable/RowGroup.vue Checks snapshot 1`] = `
<div
  class="tui-dataTableRows"
/>
`;
