// Jest Snapshot v1, https://goo.gl/fbAQLP

exports[`editor_weka/components/Weka.vue toolbar is showing and render correctly 1`] = `
<div
  arialabel="Weka label"
  class="tui-weka no-yui-ids"
  id="uid-weka"
>
  <toolbar-stub
    items="[object Object],[object Object],[object Object],[object Object],[object Object],[object Object]"
  />
   
  <div
    class="tui-weka__editorHost tui-rendered"
    data-placeholder=""
  >
    <div
      aria-label="[[pluginname, editor_weka]]"
      class="ProseMirror tui-weka-editor"
      contenteditable="true"
      role="region"
    >
      <p>
        <br />
      </p>
    </div>
  </div>
   
  <div />
   
  <div
    aria-live="polite"
    role="status"
  />
</div>
`;
